// Jest Snapshot v1, https://goo.gl/fbAQLP

exports[`Snapshot test for RetakeStack 1`] = `
{
  "Mappings": {
    "LatestNodeRuntimeMap": {
      "af-south-1": {
        "value": "nodejs22.x",
      },
      "ap-east-1": {
        "value": "nodejs22.x",
      },
      "ap-east-2": {
        "value": "nodejs22.x",
      },
      "ap-northeast-1": {
        "value": "nodejs22.x",
      },
      "ap-northeast-2": {
        "value": "nodejs22.x",
      },
      "ap-northeast-3": {
        "value": "nodejs22.x",
      },
      "ap-south-1": {
        "value": "nodejs22.x",
      },
      "ap-south-2": {
        "value": "nodejs22.x",
      },
      "ap-southeast-1": {
        "value": "nodejs22.x",
      },
      "ap-southeast-2": {
        "value": "nodejs22.x",
      },
      "ap-southeast-3": {
        "value": "nodejs22.x",
      },
      "ap-southeast-4": {
        "value": "nodejs22.x",
      },
      "ap-southeast-5": {
        "value": "nodejs22.x",
      },
      "ap-southeast-7": {
        "value": "nodejs22.x",
      },
      "ca-central-1": {
        "value": "nodejs22.x",
      },
      "ca-west-1": {
        "value": "nodejs22.x",
      },
      "cn-north-1": {
        "value": "nodejs22.x",
      },
      "cn-northwest-1": {
        "value": "nodejs22.x",
      },
      "eu-central-1": {
        "value": "nodejs22.x",
      },
      "eu-central-2": {
        "value": "nodejs22.x",
      },
      "eu-isoe-west-1": {
        "value": "nodejs18.x",
      },
      "eu-north-1": {
        "value": "nodejs22.x",
      },
      "eu-south-1": {
        "value": "nodejs22.x",
      },
      "eu-south-2": {
        "value": "nodejs22.x",
      },
      "eu-west-1": {
        "value": "nodejs22.x",
      },
      "eu-west-2": {
        "value": "nodejs22.x",
      },
      "eu-west-3": {
        "value": "nodejs22.x",
      },
      "eusc-de-east-1": {
        "value": "nodejs22.x",
      },
      "il-central-1": {
        "value": "nodejs22.x",
      },
      "me-central-1": {
        "value": "nodejs22.x",
      },
      "me-south-1": {
        "value": "nodejs22.x",
      },
      "mx-central-1": {
        "value": "nodejs22.x",
      },
      "sa-east-1": {
        "value": "nodejs22.x",
      },
      "us-east-1": {
        "value": "nodejs22.x",
      },
      "us-east-2": {
        "value": "nodejs22.x",
      },
      "us-gov-east-1": {
        "value": "nodejs22.x",
      },
      "us-gov-west-1": {
        "value": "nodejs22.x",
      },
      "us-iso-east-1": {
        "value": "nodejs18.x",
      },
      "us-iso-west-1": {
        "value": "nodejs18.x",
      },
      "us-isob-east-1": {
        "value": "nodejs18.x",
      },
      "us-isob-west-1": {
        "value": "nodejs18.x",
      },
      "us-west-1": {
        "value": "nodejs22.x",
      },
      "us-west-2": {
        "value": "nodejs22.x",
      },
    },
  },
  "Outputs": {
    "APIEndpoint": {
      "Value": {
        "Fn::Join": [
          "",
          [
            "https://",
            {
              "Ref": "FavoriteCatApi8162E98C",
            },
            ".execute-api.",
            {
              "Ref": "AWS::Region",
            },
            ".",
            {
              "Ref": "AWS::URLSuffix",
            },
            "/",
            {
              "Ref": "FavoriteCatApiDeploymentStageprod54970736",
            },
            "/saveCat",
          ],
        ],
      },
    },
    "FavoriteCatApiEndpoint1836D4CF": {
      "Value": {
        "Fn::Join": [
          "",
          [
            "https://",
            {
              "Ref": "FavoriteCatApi8162E98C",
            },
            ".execute-api.",
            {
              "Ref": "AWS::Region",
            },
            ".",
            {
              "Ref": "AWS::URLSuffix",
            },
            "/",
            {
              "Ref": "FavoriteCatApiDeploymentStageprod54970736",
            },
            "/",
          ],
        ],
      },
    },
    "WebsiteURL": {
      "Value": {
        "Fn::GetAtt": [
          "StaticWebSiteBucket71FC4348",
          "WebsiteURL",
        ],
      },
    },
  },
  "Parameters": {
    "BootstrapVersion": {
      "Default": "/cdk-bootstrap/hnb659fds/version",
      "Description": "Version of the CDK Bootstrap resources in this environment, automatically retrieved from SSM Parameter Store. [cdk:skip]",
      "Type": "AWS::SSM::Parameter::Value<String>",
    },
  },
  "Resources": {
    "CustomCDKBucketDeployment8693BB64968944B69AAFB0CC9EB8756C81C01536": {
      "DependsOn": [
        "CustomCDKBucketDeployment8693BB64968944B69AAFB0CC9EB8756CServiceRoleDefaultPolicy88902FDF",
        "CustomCDKBucketDeployment8693BB64968944B69AAFB0CC9EB8756CServiceRole89A01265",
      ],
      "Properties": {
        "Code": {
          "S3Bucket": {
            "Fn::Sub": "cdk-hnb659fds-assets-\${AWS::AccountId}-\${AWS::Region}",
          },
          "S3Key": "9a1fcb4a7ecba81ad70e9d3fb241f6794497da945dae5f25924e4dd002b65f2d.zip",
        },
        "Environment": {
          "Variables": {
            "AWS_CA_BUNDLE": "/etc/pki/ca-trust/extracted/pem/tls-ca-bundle.pem",
          },
        },
        "Handler": "index.handler",
        "Layers": [
          {
            "Ref": "DeployWebsiteAwsCliLayer17DBC421",
          },
        ],
        "Role": {
          "Fn::GetAtt": [
            "CustomCDKBucketDeployment8693BB64968944B69AAFB0CC9EB8756CServiceRole89A01265",
            "Arn",
          ],
        },
        "Runtime": "python3.11",
        "Timeout": 900,
      },
      "Type": "AWS::Lambda::Function",
    },
    "CustomCDKBucketDeployment8693BB64968944B69AAFB0CC9EB8756CServiceRole89A01265": {
      "Properties": {
        "AssumeRolePolicyDocument": {
          "Statement": [
            {
              "Action": "sts:AssumeRole",
              "Effect": "Allow",
              "Principal": {
                "Service": "lambda.amazonaws.com",
              },
            },
          ],
          "Version": "2012-10-17",
        },
        "ManagedPolicyArns": [
          {
            "Fn::Join": [
              "",
              [
                "arn:",
                {
                  "Ref": "AWS::Partition",
                },
                ":iam::aws:policy/service-role/AWSLambdaBasicExecutionRole",
              ],
            ],
          },
        ],
      },
      "Type": "AWS::IAM::Role",
    },
    "CustomCDKBucketDeployment8693BB64968944B69AAFB0CC9EB8756CServiceRoleDefaultPolicy88902FDF": {
      "Properties": {
        "PolicyDocument": {
          "Statement": [
            {
              "Action": [
                "s3:GetObject*",
                "s3:GetBucket*",
                "s3:List*",
              ],
              "Effect": "Allow",
              "Resource": [
                {
                  "Fn::Join": [
                    "",
                    [
                      "arn:",
                      {
                        "Ref": "AWS::Partition",
                      },
                      ":s3:::",
                      {
                        "Fn::Sub": "cdk-hnb659fds-assets-\${AWS::AccountId}-\${AWS::Region}",
                      },
                    ],
                  ],
                },
                {
                  "Fn::Join": [
                    "",
                    [
                      "arn:",
                      {
                        "Ref": "AWS::Partition",
                      },
                      ":s3:::",
                      {
                        "Fn::Sub": "cdk-hnb659fds-assets-\${AWS::AccountId}-\${AWS::Region}",
                      },
                      "/*",
                    ],
                  ],
                },
              ],
            },
            {
              "Action": [
                "s3:GetObject*",
                "s3:GetBucket*",
                "s3:List*",
                "s3:DeleteObject*",
                "s3:PutObject",
                "s3:PutObjectLegalHold",
                "s3:PutObjectRetention",
                "s3:PutObjectTagging",
                "s3:PutObjectVersionTagging",
                "s3:Abort*",
              ],
              "Effect": "Allow",
              "Resource": [
                {
                  "Fn::GetAtt": [
                    "StaticWebSiteBucket71FC4348",
                    "Arn",
                  ],
                },
                {
                  "Fn::Join": [
                    "",
                    [
                      {
                        "Fn::GetAtt": [
                          "StaticWebSiteBucket71FC4348",
                          "Arn",
                        ],
                      },
                      "/*",
                    ],
                  ],
                },
              ],
            },
          ],
          "Version": "2012-10-17",
        },
        "PolicyName": "CustomCDKBucketDeployment8693BB64968944B69AAFB0CC9EB8756CServiceRoleDefaultPolicy88902FDF",
        "Roles": [
          {
            "Ref": "CustomCDKBucketDeployment8693BB64968944B69AAFB0CC9EB8756CServiceRole89A01265",
          },
        ],
      },
      "Type": "AWS::IAM::Policy",
    },
    "CustomS3AutoDeleteObjectsCustomResourceProviderHandler9D90184F": {
      "DependsOn": [
        "CustomS3AutoDeleteObjectsCustomResourceProviderRole3B1BD092",
      ],
      "Properties": {
        "Code": {
          "S3Bucket": {
            "Fn::Sub": "cdk-hnb659fds-assets-\${AWS::AccountId}-\${AWS::Region}",
          },
          "S3Key": "faa95a81ae7d7373f3e1f242268f904eb748d8d0fdd306e8a6fe515a1905a7d6.zip",
        },
        "Description": {
          "Fn::Join": [
            "",
            [
              "Lambda function for auto-deleting objects in ",
              {
                "Ref": "StaticWebSiteBucket71FC4348",
              },
              " S3 bucket.",
            ],
          ],
        },
        "Handler": "index.handler",
        "MemorySize": 128,
        "Role": {
          "Fn::GetAtt": [
            "CustomS3AutoDeleteObjectsCustomResourceProviderRole3B1BD092",
            "Arn",
          ],
        },
        "Runtime": {
          "Fn::FindInMap": [
            "LatestNodeRuntimeMap",
            {
              "Ref": "AWS::Region",
            },
            "value",
          ],
        },
        "Timeout": 900,
      },
      "Type": "AWS::Lambda::Function",
    },
    "CustomS3AutoDeleteObjectsCustomResourceProviderRole3B1BD092": {
      "Properties": {
        "AssumeRolePolicyDocument": {
          "Statement": [
            {
              "Action": "sts:AssumeRole",
              "Effect": "Allow",
              "Principal": {
                "Service": "lambda.amazonaws.com",
              },
            },
          ],
          "Version": "2012-10-17",
        },
        "ManagedPolicyArns": [
          {
            "Fn::Sub": "arn:\${AWS::Partition}:iam::aws:policy/service-role/AWSLambdaBasicExecutionRole",
          },
        ],
      },
      "Type": "AWS::IAM::Role",
    },
    "DeployWebsiteAwsCliLayer17DBC421": {
      "Properties": {
        "Content": {
          "S3Bucket": {
            "Fn::Sub": "cdk-hnb659fds-assets-\${AWS::AccountId}-\${AWS::Region}",
          },
          "S3Key": "c49d356cac773d491c5f7ac148995a1181498a8e289429f8612a7f7e3814f535.zip",
        },
        "Description": "/opt/awscli/aws",
      },
      "Type": "AWS::Lambda::LayerVersion",
    },
    "DeployWebsiteCustomResourceD116527B": {
      "DeletionPolicy": "Delete",
      "Properties": {
        "DestinationBucketName": {
          "Ref": "StaticWebSiteBucket71FC4348",
        },
        "OutputObjectKeys": true,
        "Prune": true,
        "ServiceToken": {
          "Fn::GetAtt": [
            "CustomCDKBucketDeployment8693BB64968944B69AAFB0CC9EB8756C81C01536",
            "Arn",
          ],
        },
        "SourceBucketNames": [
          {
            "Fn::Sub": "cdk-hnb659fds-assets-\${AWS::AccountId}-\${AWS::Region}",
          },
        ],
        "SourceObjectKeys": [
          "2161fac96679aabe1559da97c9efd700f23bd7f8a4df77388614ba3c888d5a40.zip",
        ],
      },
      "Type": "Custom::CDKBucketDeployment",
      "UpdateReplacePolicy": "Delete",
    },
    "FavoriteCatApi8162E98C": {
      "Properties": {
        "Name": "FavoriteCatApi",
      },
      "Type": "AWS::ApiGateway::RestApi",
    },
    "FavoriteCatApiAccountA806284B": {
      "DeletionPolicy": "Retain",
      "DependsOn": [
        "FavoriteCatApi8162E98C",
      ],
      "Properties": {
        "CloudWatchRoleArn": {
          "Fn::GetAtt": [
            "FavoriteCatApiCloudWatchRoleA312591D",
            "Arn",
          ],
        },
      },
      "Type": "AWS::ApiGateway::Account",
      "UpdateReplacePolicy": "Retain",
    },
    "FavoriteCatApiCloudWatchRoleA312591D": {
      "DeletionPolicy": "Retain",
      "Properties": {
        "AssumeRolePolicyDocument": {
          "Statement": [
            {
              "Action": "sts:AssumeRole",
              "Effect": "Allow",
              "Principal": {
                "Service": "apigateway.amazonaws.com",
              },
            },
          ],
          "Version": "2012-10-17",
        },
        "ManagedPolicyArns": [
          {
            "Fn::Join": [
              "",
              [
                "arn:",
                {
                  "Ref": "AWS::Partition",
                },
                ":iam::aws:policy/service-role/AmazonAPIGatewayPushToCloudWatchLogs",
              ],
            ],
          },
        ],
      },
      "Type": "AWS::IAM::Role",
      "UpdateReplacePolicy": "Retain",
    },
    "FavoriteCatApiDeploymentBF0973DE333853cfe899609ef1bce633af1e7c22": {
      "DependsOn": [
        "FavoriteCatApiOPTIONSE42A7584",
        "FavoriteCatApisaveCatOPTIONS5C7DFC39",
        "FavoriteCatApisaveCatPOST590291DF",
        "FavoriteCatApisaveCatBD987359",
      ],
      "Metadata": {
        "aws:cdk:do-not-refactor": true,
      },
      "Properties": {
        "Description": "Automatically created by the RestApi construct",
        "RestApiId": {
          "Ref": "FavoriteCatApi8162E98C",
        },
      },
      "Type": "AWS::ApiGateway::Deployment",
    },
    "FavoriteCatApiDeploymentStageprod54970736": {
      "DependsOn": [
        "FavoriteCatApiAccountA806284B",
      ],
      "Properties": {
        "DeploymentId": {
          "Ref": "FavoriteCatApiDeploymentBF0973DE333853cfe899609ef1bce633af1e7c22",
        },
        "RestApiId": {
          "Ref": "FavoriteCatApi8162E98C",
        },
        "StageName": "prod",
      },
      "Type": "AWS::ApiGateway::Stage",
    },
    "FavoriteCatApiOPTIONSE42A7584": {
      "Properties": {
        "ApiKeyRequired": false,
        "AuthorizationType": "NONE",
        "HttpMethod": "OPTIONS",
        "Integration": {
          "IntegrationResponses": [
            {
              "ResponseParameters": {
                "method.response.header.Access-Control-Allow-Headers": "'Content-Type,X-Amz-Date,Authorization,X-Api-Key,X-Amz-Security-Token,X-Amz-User-Agent'",
                "method.response.header.Access-Control-Allow-Methods": "'OPTIONS,GET,PUT,POST,DELETE,PATCH,HEAD'",
                "method.response.header.Access-Control-Allow-Origin": "'*'",
              },
              "StatusCode": "204",
            },
          ],
          "RequestTemplates": {
            "application/json": "{ statusCode: 200 }",
          },
          "Type": "MOCK",
        },
        "MethodResponses": [
          {
            "ResponseParameters": {
              "method.response.header.Access-Control-Allow-Headers": true,
              "method.response.header.Access-Control-Allow-Methods": true,
              "method.response.header.Access-Control-Allow-Origin": true,
            },
            "StatusCode": "204",
          },
        ],
        "ResourceId": {
          "Fn::GetAtt": [
            "FavoriteCatApi8162E98C",
            "RootResourceId",
          ],
        },
        "RestApiId": {
          "Ref": "FavoriteCatApi8162E98C",
        },
      },
      "Type": "AWS::ApiGateway::Method",
    },
    "FavoriteCatApisaveCatBD987359": {
      "Properties": {
        "ParentId": {
          "Fn::GetAtt": [
            "FavoriteCatApi8162E98C",
            "RootResourceId",
          ],
        },
        "PathPart": "saveCat",
        "RestApiId": {
          "Ref": "FavoriteCatApi8162E98C",
        },
      },
      "Type": "AWS::ApiGateway::Resource",
    },
    "FavoriteCatApisaveCatOPTIONS5C7DFC39": {
      "Properties": {
        "ApiKeyRequired": false,
        "AuthorizationType": "NONE",
        "HttpMethod": "OPTIONS",
        "Integration": {
          "IntegrationResponses": [
            {
              "ResponseParameters": {
                "method.response.header.Access-Control-Allow-Headers": "'Content-Type,X-Amz-Date,Authorization,X-Api-Key,X-Amz-Security-Token,X-Amz-User-Agent'",
                "method.response.header.Access-Control-Allow-Methods": "'OPTIONS,GET,PUT,POST,DELETE,PATCH,HEAD'",
                "method.response.header.Access-Control-Allow-Origin": "'*'",
              },
              "StatusCode": "204",
            },
          ],
          "RequestTemplates": {
            "application/json": "{ statusCode: 200 }",
          },
          "Type": "MOCK",
        },
        "MethodResponses": [
          {
            "ResponseParameters": {
              "method.response.header.Access-Control-Allow-Headers": true,
              "method.response.header.Access-Control-Allow-Methods": true,
              "method.response.header.Access-Control-Allow-Origin": true,
            },
            "StatusCode": "204",
          },
        ],
        "ResourceId": {
          "Ref": "FavoriteCatApisaveCatBD987359",
        },
        "RestApiId": {
          "Ref": "FavoriteCatApi8162E98C",
        },
      },
      "Type": "AWS::ApiGateway::Method",
    },
    "FavoriteCatApisaveCatPOST590291DF": {
      "Properties": {
        "AuthorizationType": "NONE",
        "HttpMethod": "POST",
        "Integration": {
          "IntegrationHttpMethod": "POST",
          "Type": "AWS_PROXY",
          "Uri": {
            "Fn::Join": [
              "",
              [
                "arn:",
                {
                  "Ref": "AWS::Partition",
                },
                ":apigateway:",
                {
                  "Ref": "AWS::Region",
                },
                ":lambda:path/2015-03-31/functions/",
                {
                  "Fn::GetAtt": [
                    "PostTableFunction2974B7CD",
                    "Arn",
                  ],
                },
                "/invocations",
              ],
            ],
          },
        },
        "ResourceId": {
          "Ref": "FavoriteCatApisaveCatBD987359",
        },
        "RestApiId": {
          "Ref": "FavoriteCatApi8162E98C",
        },
      },
      "Type": "AWS::ApiGateway::Method",
    },
    "FavoriteCatApisaveCatPOSTApiPermissionRetakeStackFavoriteCatApi3043066DPOSTsaveCat3636AE8D": {
      "Properties": {
        "Action": "lambda:InvokeFunction",
        "FunctionName": {
          "Fn::GetAtt": [
            "PostTableFunction2974B7CD",
            "Arn",
          ],
        },
        "Principal": "apigateway.amazonaws.com",
        "SourceArn": {
          "Fn::Join": [
            "",
            [
              "arn:",
              {
                "Ref": "AWS::Partition",
              },
              ":execute-api:",
              {
                "Ref": "AWS::Region",
              },
              ":",
              {
                "Ref": "AWS::AccountId",
              },
              ":",
              {
                "Ref": "FavoriteCatApi8162E98C",
              },
              "/",
              {
                "Ref": "FavoriteCatApiDeploymentStageprod54970736",
              },
              "/POST/saveCat",
            ],
          ],
        },
      },
      "Type": "AWS::Lambda::Permission",
    },
    "FavoriteCatApisaveCatPOSTApiPermissionTestRetakeStackFavoriteCatApi3043066DPOSTsaveCat627510D8": {
      "Properties": {
        "Action": "lambda:InvokeFunction",
        "FunctionName": {
          "Fn::GetAtt": [
            "PostTableFunction2974B7CD",
            "Arn",
          ],
        },
        "Principal": "apigateway.amazonaws.com",
        "SourceArn": {
          "Fn::Join": [
            "",
            [
              "arn:",
              {
                "Ref": "AWS::Partition",
              },
              ":execute-api:",
              {
                "Ref": "AWS::Region",
              },
              ":",
              {
                "Ref": "AWS::AccountId",
              },
              ":",
              {
                "Ref": "FavoriteCatApi8162E98C",
              },
              "/test-invoke-stage/POST/saveCat",
            ],
          ],
        },
      },
      "Type": "AWS::Lambda::Permission",
    },
    "FavoriteCatTableBBA991CB": {
      "DeletionPolicy": "Delete",
      "Properties": {
        "AttributeDefinitions": [
          {
            "AttributeName": "PK",
            "AttributeType": "S",
          },
          {
            "AttributeName": "SK",
            "AttributeType": "S",
          },
        ],
        "KeySchema": [
          {
            "AttributeName": "PK",
            "KeyType": "HASH",
          },
          {
            "AttributeName": "SK",
            "KeyType": "RANGE",
          },
        ],
        "ProvisionedThroughput": {
          "ReadCapacityUnits": 5,
          "WriteCapacityUnits": 5,
        },
      },
      "Type": "AWS::DynamoDB::Table",
      "UpdateReplacePolicy": "Delete",
    },
    "FavoriteCatTopic3AA713D1": {
      "Type": "AWS::SNS::Topic",
    },
    "FavoriteCatTopicseyhanakifovyahoocomA703123A": {
      "Properties": {
        "Endpoint": "seyhan_akifov@yahoo.com",
        "Protocol": "email",
        "TopicArn": {
          "Ref": "FavoriteCatTopic3AA713D1",
        },
      },
      "Type": "AWS::SNS::Subscription",
    },
    "PostTableFunction2974B7CD": {
      "DependsOn": [
        "PostTableFunctionServiceRoleDefaultPolicy8E8734FB",
        "PostTableFunctionServiceRoleC1E44881",
      ],
      "Properties": {
        "Code": {
          "S3Bucket": {
            "Fn::Sub": "cdk-hnb659fds-assets-\${AWS::AccountId}-\${AWS::Region}",
          },
          "S3Key": "91f0084b42836b41476904c8eca0c552446ddf44fcdedcd7d2d27b6d7546bbfc.zip",
        },
        "Environment": {
          "Variables": {
            "TABLE_NAME": {
              "Ref": "FavoriteCatTableBBA991CB",
            },
            "TOPIC_ARN": {
              "Ref": "FavoriteCatTopic3AA713D1",
            },
          },
        },
        "Handler": "index.handler",
        "Role": {
          "Fn::GetAtt": [
            "PostTableFunctionServiceRoleC1E44881",
            "Arn",
          ],
        },
        "Runtime": "nodejs20.x",
      },
      "Type": "AWS::Lambda::Function",
    },
    "PostTableFunctionServiceRoleC1E44881": {
      "Properties": {
        "AssumeRolePolicyDocument": {
          "Statement": [
            {
              "Action": "sts:AssumeRole",
              "Effect": "Allow",
              "Principal": {
                "Service": "lambda.amazonaws.com",
              },
            },
          ],
          "Version": "2012-10-17",
        },
        "ManagedPolicyArns": [
          {
            "Fn::Join": [
              "",
              [
                "arn:",
                {
                  "Ref": "AWS::Partition",
                },
                ":iam::aws:policy/service-role/AWSLambdaBasicExecutionRole",
              ],
            ],
          },
        ],
      },
      "Type": "AWS::IAM::Role",
    },
    "PostTableFunctionServiceRoleDefaultPolicy8E8734FB": {
      "Properties": {
        "PolicyDocument": {
          "Statement": [
            {
              "Action": [
                "dynamodb:BatchGetItem",
                "dynamodb:GetRecords",
                "dynamodb:GetShardIterator",
                "dynamodb:Query",
                "dynamodb:GetItem",
                "dynamodb:Scan",
                "dynamodb:ConditionCheckItem",
                "dynamodb:BatchWriteItem",
                "dynamodb:PutItem",
                "dynamodb:UpdateItem",
                "dynamodb:DeleteItem",
                "dynamodb:DescribeTable",
              ],
              "Effect": "Allow",
              "Resource": [
                {
                  "Fn::GetAtt": [
                    "FavoriteCatTableBBA991CB",
                    "Arn",
                  ],
                },
                {
                  "Ref": "AWS::NoValue",
                },
              ],
            },
            {
              "Action": "sns:Publish",
              "Effect": "Allow",
              "Resource": {
                "Ref": "FavoriteCatTopic3AA713D1",
              },
            },
          ],
          "Version": "2012-10-17",
        },
        "PolicyName": "PostTableFunctionServiceRoleDefaultPolicy8E8734FB",
        "Roles": [
          {
            "Ref": "PostTableFunctionServiceRoleC1E44881",
          },
        ],
      },
      "Type": "AWS::IAM::Policy",
    },
    "StaticWebSiteBucket71FC4348": {
      "DeletionPolicy": "Delete",
      "Properties": {
        "PublicAccessBlockConfiguration": {
          "BlockPublicAcls": false,
          "BlockPublicPolicy": false,
          "IgnorePublicAcls": false,
          "RestrictPublicBuckets": false,
        },
        "Tags": [
          {
            "Key": "aws-cdk:auto-delete-objects",
            "Value": "true",
          },
          {
            "Key": "aws-cdk:cr-owned:7170e25f",
            "Value": "true",
          },
        ],
        "WebsiteConfiguration": {
          "IndexDocument": "index.html",
        },
      },
      "Type": "AWS::S3::Bucket",
      "UpdateReplacePolicy": "Delete",
    },
    "StaticWebSiteBucketAutoDeleteObjectsCustomResource0DFC2502": {
      "DeletionPolicy": "Delete",
      "DependsOn": [
        "StaticWebSiteBucketPolicyFC8AE47C",
      ],
      "Properties": {
        "BucketName": {
          "Ref": "StaticWebSiteBucket71FC4348",
        },
        "ServiceToken": {
          "Fn::GetAtt": [
            "CustomS3AutoDeleteObjectsCustomResourceProviderHandler9D90184F",
            "Arn",
          ],
        },
      },
      "Type": "Custom::S3AutoDeleteObjects",
      "UpdateReplacePolicy": "Delete",
    },
    "StaticWebSiteBucketPolicyFC8AE47C": {
      "Properties": {
        "Bucket": {
          "Ref": "StaticWebSiteBucket71FC4348",
        },
        "PolicyDocument": {
          "Statement": [
            {
              "Action": "s3:GetObject",
              "Effect": "Allow",
              "Principal": {
                "AWS": "*",
              },
              "Resource": {
                "Fn::Join": [
                  "",
                  [
                    {
                      "Fn::GetAtt": [
                        "StaticWebSiteBucket71FC4348",
                        "Arn",
                      ],
                    },
                    "/*",
                  ],
                ],
              },
            },
            {
              "Action": [
                "s3:PutBucketPolicy",
                "s3:GetBucket*",
                "s3:List*",
                "s3:DeleteObject*",
              ],
              "Effect": "Allow",
              "Principal": {
                "AWS": {
                  "Fn::GetAtt": [
                    "CustomS3AutoDeleteObjectsCustomResourceProviderRole3B1BD092",
                    "Arn",
                  ],
                },
              },
              "Resource": [
                {
                  "Fn::GetAtt": [
                    "StaticWebSiteBucket71FC4348",
                    "Arn",
                  ],
                },
                {
                  "Fn::Join": [
                    "",
                    [
                      {
                        "Fn::GetAtt": [
                          "StaticWebSiteBucket71FC4348",
                          "Arn",
                        ],
                      },
                      "/*",
                    ],
                  ],
                },
              ],
            },
          ],
          "Version": "2012-10-17",
        },
      },
      "Type": "AWS::S3::BucketPolicy",
    },
    "WebsiteDistribution75DCDA0B": {
      "Properties": {
        "DistributionConfig": {
          "DefaultCacheBehavior": {
            "CachePolicyId": "658327ea-f89d-4fab-a63d-7e88639e58f6",
            "Compress": true,
            "TargetOriginId": "RetakeStackWebsiteDistributionOrigin120FC06B9",
            "ViewerProtocolPolicy": "redirect-to-https",
          },
          "DefaultRootObject": "index.html",
          "Enabled": true,
          "HttpVersion": "http2",
          "IPV6Enabled": true,
          "Origins": [
            {
              "CustomOriginConfig": {
                "OriginProtocolPolicy": "http-only",
                "OriginSSLProtocols": [
                  "TLSv1.2",
                ],
              },
              "DomainName": {
                "Fn::Select": [
                  2,
                  {
                    "Fn::Split": [
                      "/",
                      {
                        "Fn::GetAtt": [
                          "StaticWebSiteBucket71FC4348",
                          "WebsiteURL",
                        ],
                      },
                    ],
                  },
                ],
              },
              "Id": "RetakeStackWebsiteDistributionOrigin120FC06B9",
            },
          ],
        },
      },
      "Type": "AWS::CloudFront::Distribution",
    },
  },
  "Rules": {
    "CheckBootstrapVersion": {
      "Assertions": [
        {
          "Assert": {
            "Fn::Not": [
              {
                "Fn::Contains": [
                  [
                    "1",
                    "2",
                    "3",
                    "4",
                    "5",
                  ],
                  {
                    "Ref": "BootstrapVersion",
                  },
                ],
              },
            ],
          },
          "AssertDescription": "CDK bootstrap stack version 6 required. Please run 'cdk bootstrap' with a recent version of the CDK CLI.",
        },
      ],
    },
  },
}
`;
